<?xml version="1.0" encoding="UTF-8"?>
<testsuites name="jest tests" tests="17" failures="0" errors="0" time="0.944">
  <testsuite name="EnterprisePage" errors="0" failures="0" skipped="0" timestamp="2026-03-16T13:06:37" time="0.682" tests="17">
    <testcase classname="EnterprisePage renders without crashing" name="EnterprisePage renders without crashing" time="0.035">
    </testcase>
    <testcase classname="EnterprisePage displays the page heading" name="EnterprisePage displays the page heading" time="0.011">
    </testcase>
    <testcase classname="EnterprisePage shows metric cards" name="EnterprisePage shows metric cards" time="0.013">
    </testcase>
    <testcase classname="EnterprisePage shows API Keys tab content by default" name="EnterprisePage shows API Keys tab content by default" time="0.008">
    </testcase>
    <testcase classname="EnterprisePage switches to Webhooks tab" name="EnterprisePage switches to Webhooks tab" time="0.053">
    </testcase>
    <testcase classname="EnterprisePage switches to Team (RBAC) tab" name="EnterprisePage switches to Team (RBAC) tab" time="0.039">
    </testcase>
    <testcase classname="EnterprisePage toggles environment between production and sandbox and back" name="EnterprisePage toggles environment between production and sandbox and back" time="0.024">
    </testcase>
    <testcase classname="EnterprisePage switches to SLA Monitor tab and shows uptime gauge" name="EnterprisePage switches to SLA Monitor tab and shows uptime gauge" time="0.03">
    </testcase>
    <testcase classname="EnterprisePage switches to Usage Analytics tab and shows chart and endpoints" name="EnterprisePage switches to Usage Analytics tab and shows chart and endpoints" time="0.029">
    </testcase>
    <testcase classname="EnterprisePage switches to SDK &amp; Docs tab and shows SDK downloads" name="EnterprisePage switches to SDK &amp; Docs tab and shows SDK downloads" time="0.033">
    </testcase>
    <testcase classname="EnterprisePage toggles API key visibility" name="EnterprisePage toggles API key visibility" time="0.011">
    </testcase>
    <testcase classname="EnterprisePage copies API key to clipboard" name="EnterprisePage copies API key to clipboard" time="0.009">
    </testcase>
    <testcase classname="EnterprisePage shows team RBAC permissions table" name="EnterprisePage shows team RBAC permissions table" time="0.033">
    </testcase>
    <testcase classname="EnterprisePage switches SDK language when clicking SDK buttons" name="EnterprisePage switches SDK language when clicking SDK buttons" time="0.03">
    </testcase>
    <testcase classname="EnterprisePage opens create key modal when clicking Create Key button" name="EnterprisePage opens create key modal when clicking Create Key button" time="0.007">
    </testcase>
    <testcase classname="EnterprisePage toggles API key visibility off again (reveal then hide)" name="EnterprisePage toggles API key visibility off again (reveal then hide)" time="0.014">
    </testcase>
    <testcase classname="EnterprisePage copies SDK snippet to clipboard and clears copied state after timeout" name="EnterprisePage copies SDK snippet to clipboard and clears copied state after timeout" time="0.053">
    </testcase>
  </testsuite>
</testsuites>